// Jest Snapshot v1, https://goo.gl/fbAQLP

exports[`search ang 1`] = `
li qiang - 13500001112
zhang qiang - 13600001111
li gang - 13700001111
`;
